[dotenv@17.2.3] injecting env (3) from .env -- tip: ­ƒöÉ encrypt with Dotenvx: https://dotenvx.com
[dotenv@17.2.3] injecting env (0) from .env -- tip: ÔÜÖ´©Å  specify custom .env file path with { path: '/custom/path/.env' }
Ô£à Inventario cargado: 31 productos
­ƒº¬ Testing Groq Service...

API Key present: true
API Key length: 56
---

­ƒôñ Sending message: Necesito cinta tefl├│n
---

­ƒöä Iteration 1/10
node : ÔØî Groq API 
Error: 400 {"error":{
"message":"The model 
`llama-3.1-70b-versat
ile` has been 
decommissioned and 
is no longer 
supported. Please 
refer to https://cons
ole.groq.com/docs/dep
recations for a 
recommendation on 
which model to use in
stead.","type":"inval
id_request_error","co
de":"model_decommissi
oned"}}
En línea: 1 
Carácter: 1
+ node test-groq.js 
> test-output.txt 
2>&1; Get-Content 
test-output.txt
+ ~~~~~~~~~~~~~~~~~~~
~~~~~~~~~~~~~~~~~~~~~
    + CategoryInfo   
           : NotSpe  
  cified: (ÔØî Gro   
 q API Er...commi    
ssioned"}}:Strin    
g) [], RemoteExc    
eption
    + FullyQualified 
   ErrorId : Native  
  CommandError
 

ÔØî Test failed:
Error: Error 
comunic├índose con 
Groq API
Stack: Error: Error 
comunic├índose con 
Groq API
    at processChat (C
:\Users\wrang\Documen
ts\hardware-sales-age
nt\backend\src\servic
es\groq.js:142:15)
    at process.proces
sTicksAndRejections (
node:internal/process
/task_queues:103:5)
    at async test (C:
\Users\wrang\Document
s\hardware-sales-agen
t\backend\test-groq.j
s:21:26)
